
> client@0.0.0 build
> tsc -b && vite build

src/pages/LeadDetail.tsx(5,10): error TS6133: 'Flag' is declared but its value is never read.
src/pages/LeadDetail.tsx(5,21): error TS6133: 'CheckCircle' is declared but its value is never read.
src/pages/Leads.tsx(48,22): error TS2345: Argument of type '{ id: any; full_name: any; phone: any; status: any; source: any; created_at: any; pipeline_stages: { name: any; }[]; }[]' is not assignable to parameter of type 'SetStateAction<Lead[]>'.
  Type '{ id: any; full_name: any; phone: any; status: any; source: any; created_at: any; pipeline_stages: { name: any; }[]; }[]' is not assignable to type 'Lead[]'.
    Type '{ id: any; full_name: any; phone: any; status: any; source: any; created_at: any; pipeline_stages: { name: any; }[]; }' is not assignable to type 'Lead'.
      Types of property 'pipeline_stages' are incompatible.
        Property 'name' is missing in type '{ name: any; }[]' but required in type '{ name: string; }'.
